[0;32mSuccessfully loaded file properties!
[0m[0;32mSuccessfully loaded clan (20), clan next id: 21
[0m[0;32mSuccessfully loaded Consign Item (0)
[0m[0;32mSuccessfully loaded part (2140)
[0m[0;32mSuccessfully loaded bg item template (597)
[0m[0;32mSuccessfully loaded arr head 2 frames (52)
[0m[0;32mSuccessfully loaded skill (3)
[0m[0;32mSuccessfully loaded head avatar (545)
[0m[0;32mSuccessfully loaded flag bag (193)
[0m[0;32mSuccessfully loaded intrinsic (27)
[0m[0;32mSuccessfully loaded task (33)
[0m[0;32mSuccessfully loaded side task (59)
[0m[0;32mSuccessfully loaded task badges (11)
[0m[0;32mSuccessfully loaded clan task (59)
[0m[0;32mSuccessfully loaded achievement (21)
[0m[0;32mSuccessfully loaded map item template (1915)
[0m[0;32mSuccessfully loaded map item option template (254)
[0m[0;32mSuccessfully loaded shop (26)
[0m[0;32mSuccessfully loaded notify (1)
[0m[0;32mLoad phuc_loi thành công (9)[0m[0;32mLoad phuc_loi_tab thành công (20)[0m[0;32mLoad tambao_items thành công: 19 dòng, 2 pool[0m[0;32mLoad moc_vong_quay thành công (6)[0m[0;32mSuccessfully loaded images by name (195)
[0m[0;32mSuccessfully loaded mount (29)
[0m[0;32mSuccessfully loaded mob template (117)
[0m[0;32mSuccessfully loaded npc template (112)
[0m[0;32mSuccessfully loaded map template (185)
[0m[0;32mSuccessfully loaded radar template (18)
[0m[0;32mSuccessfully loaded badges template (14)
[0m[0;32mSuccessfully loaded VND top (20)
[0m[0;32mSuccessfully loaded SK top (20)
[0m[0;32mSuccessfully loaded NHS top (20)
[0m[0;32mSuccessfully loaded phòng t?p top (20)
[0m[0;32mSuccessfully loaded sanboss top (20)
[0m[0;32mSuccessfully loaded San vi thu top (20)
[0m[0;32mSuccessfully loaded leo thop top (26)
[0m[0;32mSuccessfully loaded leo top Sm (27)
[0m[0;32mSuccessfully loaded TopTienBang (0)
[0m[0;32mSuccessfully loaded TopNhapMa (0)
[0m[0;32mSuccessfully loaded Topmabu (20)
[0m[0;32mSuccessfully loaded Topbdkb (20)
[0m[0;32mSuccessfully loaded m? r??ng (20)
[0m[0;32mSuccessfully loaded dapdo (20)
[0m[0;32mSuccessfully loaded T?m B?o (27)
[0m[0;32mSuccessfully loaded câu cá (20)
[0m[0;32mSuccessfully loaded Thiên ??o (20)
[0m[0;32mSuccessfully loaded ??a ??o (20)
[0m[0;32mSuccessfully loaded Tu Tiên (20)
[0m[0;32mSuccessfully loaded Chuy?n Sinh (20)
[0mAUTOGIFTTOP [14]
[0;35mTotal database loading time: 6120 (ms)
[0m[0;32mInitialize map successfully!
[0mFinish connect Server: hondaodragon
[0;32mServer initialized and listening on port 14445
[0m[0;32mLoad Top N?p Thành Công (20)
[0m[0;32mLoad Top sk Thành Công (20)
[0m[0;32mLoad Top NHS Thành Công (20)
[0m[0;32mLoad Top PHÒNG T?P Thành Công (20)
[0m[0;32mLoad Top PHÒNG T?P Thành Công (20)
[0m[0;32mSuccessfully loaded sanboss top (20)
[0m[0;32mSuccessfully loaded San vi thu top (20)
[0m[0;32mSuccessfully loaded leo thop top (26)
[0m[0;32mSuccessfully loaded leo top Sm (27)
[0m[0;32mSuccessfully loaded TopTienBang (0)
[0m[0;32mSuccessfully loaded TopNhapMa (0)
[0m[0;32mSuccessfully loaded Topmabu (20)
[0m[0;32mSuccessfully loaded Topbdkb (20)
[0m[0;32mSuccessfully loaded m? r??ng (20)
[0m[0;32mSuccessfully loaded dapdo (20)
[0m[0;32mSuccessfully loaded T?m B?o (27)
[0m[0;32mSuccessfully loaded câu cá (20)
[0m[0;32mSuccessfully loaded Thiên ??o (20)
[0m[0;32mSuccessfully loaded ??a ??o (20)
[0m[0;32mSuccessfully loaded Tu Tiên (20)
[0m[0;32mSuccessfully loaded Chuy?n Sinh (20)
[0m